erobot72@aerobot72Laptop:~/Firmware2_AP/MyNodes$ ls $(ros2 pkg prefix drone_takeoff)/lib/drone_takeoff
ls: cannot access '/home/aerobot72/Firmware2_AP/MyNodes/install/drone_takeoff/lib/drone_takeoff': No such file or directory
aerobot72@aerobot72Laptop:~/Firmware2_AP/MyNodes$ ls
build  install  log  ros2-drone-takeoff
aerobot72@aerobot72Laptop:~/Firmware2_AP/MyNodes$ cd ros2-drone-takeoff/
aerobot72@aerobot72Laptop:~/Firmware2_AP/MyNodes/ros2-drone-takeoff$ ls
src  TraceBack
aerobot72@aerobot72Laptop:~/Firmware2_AP/MyNodes/ros2-drone-takeoff$ cd 
.git/ src/  
aerobot72@aerobot72Laptop:~/Firmware2_AP/MyNodes/ros2-drone-takeoff$ cd src/
aerobot72@aerobot72Laptop:~/Firmware2_AP/MyNodes/ros2-drone-takeoff/src$ ls
drone_takeoff
aerobot72@aerobot72Laptop:~/Firmware2_AP/MyNodes/ros2-drone-takeoff/src$ cd drone_takeoff/
aerobot72@aerobot72Laptop:~/Firmware2_AP/MyNodes/ros2-drone-takeoff/src/drone_takeoff$ ls
launch   package.xml  requirements.txt  setup.cfg  src
LICENSE  README.md    resource          setup.py
aerobot72@aerobot72Laptop:~/Firmware2_AP/MyNodes/ros2-drone-takeoff/src/drone_takeoff$ cd launch/
aerobot72@aerobot72Laptop:~/Firmware2_AP/MyNodes/ros2-drone-takeoff/src/drone_takeoff/launch$ ls
autonomy.launch.py     range_sensors.launch.py
qr_detector.launch.py  takeoff.launch.py
aerobot72@aerobot72Laptop:~/Firmware2_AP/MyNodes/ros2-drone-takeoff/src/drone_takeoff/launch$ cd ..
aerobot72@aerobot72Laptop:~/Firmware2_AP/MyNodes/ros2-drone-takeoff/src/drone_takeoff$ cd src/
aerobot72@aerobot72Laptop:~/Firmware2_AP/MyNodes/ros2-drone-takeoff/src/drone_takeoff/src$ ls
drone_takeoff
aerobot72@aerobot72Laptop:~/Firmware2_AP/MyNodes/ros2-drone-takeoff/src/drone_takeoff/src$ cd drone_takeoff/
aerobot72@aerobot72Laptop:~/Firmware2_AP/MyNodes/ros2-drone-takeoff/src/drone_takeoff/src/drone_takeoff$ ls
autonomy_node.py  lidar_listener_node.py  takeoff_node.py
__init__.py       qr_detector_node.py     ultrasonic_listener_node.py
aerobot72@aerobot72Laptop:~/Firmware2_AP/MyNodes/ros2-drone-takeoff/src/drone_takeoff/src/drone_takeoff$  cd..
cd..: command not found
aerobot72@aerobot72Laptop:~/Firmware2_AP/MyNodes/ros2-drone-takeoff/src/drone_takeoff/src/drone_takeoff$ cd ..
aerobot72@aerobot72Laptop:~/Firmware2_AP/MyNodes/ros2-drone-takeoff/src/drone_takeoff/src$ cd ..
aerobot72@aerobot72Laptop:~/Firmware2_AP/MyNodes/ros2-drone-takeoff/src/drone_takeoff$ cd resource/
aerobot72@aerobot72Laptop:~/Firmware2_AP/MyNodes/ros2-drone-takeoff/src/drone_takeoff/resource$ ls
drone_takeoff
