aerobot72@aerobot72Laptop:~/Firmware2_AP/MyNodes$ ls &(ros2 pkg prefix drone_takeoff)/share/drone_takeoff/launch
bash: syntax error near unexpected token `/share/drone_takeoff/launch'
aerobot72@aerobot72Laptop:~/Firmware2_AP/MyNodes$ ros2 launch drone_takeoff qr_detector.launch.py image_topic:=/uav1/camera_down publish_text_topic:=/qr_detector/text show_debug_window:=false
Package 'drone_takeoff' not found: "package 'drone_takeoff' not found, searching: ['/opt/ros/humble']"
aerobot72@aerobot72Laptop:~/Firmware2_AP/MyNodes$ . install/setup.bash 
aerobot72@aerobot72Laptop:~/Firmware2_AP/MyNodes$ ls &(ros2 pkg prefix drone_takeoff)/share/drone_takeoff/launch
bash: syntax error near unexpected token `/share/drone_takeoff/launch'
aerobot72@aerobot72Laptop:~/Firmware2_AP/MyNodes$ ros2 launch drone_takeoff qr_detector.launch.py image_topic:=/uav1/camera_down publish_text_topic:=/qr_detector/text show_debug_window:=false
file 'qr_detector.launch.py' was not found in the share directory of package 'drone_takeoff' which is at '/home/aerobot72/Firmware2_AP/MyNodes/install/drone_takeoff/share/drone_takeoff'
aerobot72@aerobot72Laptop:~/Firmware2_AP/MyNodes$ 
