aerobot72@aerobot72Laptop:~$ cd Firmware2_AP/
aerobot72@aerobot72Laptop:~/Firmware2_AP$ cd MyNodes/
aerobot72@aerobot72Laptop:~/Firmware2_AP/MyNodes$ source /opt/ros/humble/setup.bash && source ~/Firmware2_AP/MyNodes/install/setup.bash 
aerobot72@aerobot72Laptop:~/Firmware2_AP/MyNodes$ (ros2)
usage: ros2 [-h] [--use-python-default-buffering]
            Call `ros2 <command> -h` for more detailed usage. ...

ros2 is an extensible command-line tool for ROS 2.

options:
  -h, --help            show this help message and exit
  --use-python-default-buffering
                        Do not force line buffering in stdout and instead use
                        the python default buffering, which might be affected
                        by PYTHONUNBUFFERED/-u and depends on whatever stdout
                        is interactive or not

Commands:
  action     Various action related sub-commands
  bag        Various rosbag related sub-commands
  component  Various component related sub-commands
  daemon     Various daemon related sub-commands
  doctor     Check ROS setup and other potential issues
  interface  Show information about ROS interfaces
  launch     Run a launch file
  lifecycle  Various lifecycle related sub-commands
  multicast  Various multicast related sub-commands
  node       Various node related sub-commands
  param      Various param related sub-commands
  pkg        Various package related sub-commands
  run        Run a package specific executable
  security   Various security related sub-commands
  service    Various service related sub-commands
  topic      Various topic related sub-commands
  wtf        Use `wtf` as alias to `doctor`

  Call `ros2 <command> -h` for more detailed usage.
aerobot72@aerobot72Laptop:~/Firmware2_AP/MyNodes$ (ros2 pkg prefix drone_takeoff)/bin/qr_detector_node --ros-args -p image_topic:=/uav1/camera_down -p publish_text_topic:=/qr_detector/text -p show_debug_window:=false
bash: syntax error near unexpected token `/bin/qr_detector_node'
aerobot72@aerobot72Laptop:~/Firmware2_AP/MyNodes$ ros2 topic echo /qr_detector?text
Traceback (most recent call last):
  File "/opt/ros/humble/bin/ros2", line 33, in <module>
    sys.exit(load_entry_point('ros2cli==0.18.13', 'console_scripts', 'ros2')())
  File "/opt/ros/humble/lib/python3.10/site-packages/ros2cli/cli.py", line 91, in main
    rc = extension.main(parser=parser, args=args)
  File "/opt/ros/humble/lib/python3.10/site-packages/ros2topic/command/topic.py", line 41, in main
    return extension.main(args=args)
  File "/opt/ros/humble/lib/python3.10/site-packages/ros2topic/verb/echo.py", line 220, in main
    qos_profile = self.choose_qos(node, args)
  File "/opt/ros/humble/lib/python3.10/site-packages/ros2topic/verb/echo.py", line 146, in choose_qos
    pubs_info = node.get_publishers_info_by_topic(args.topic_name)
  File "/usr/lib/python3.10/xmlrpc/client.py", line 1122, in __call__
    return self.__send(self.__name, args)
  File "/usr/lib/python3.10/xmlrpc/client.py", line 1464, in __request
    response = self.__transport.request(
  File "/usr/lib/python3.10/xmlrpc/client.py", line 1166, in request
    return self.single_request(host, handler, request_body, verbose)
  File "/usr/lib/python3.10/xmlrpc/client.py", line 1182, in single_request
    return self.parse_response(resp)
  File "/usr/lib/python3.10/xmlrpc/client.py", line 1354, in parse_response
    return u.close()
  File "/usr/lib/python3.10/xmlrpc/client.py", line 668, in close
    raise Fault(**self._stack[0])
xmlrpc.client.Fault: <Fault 1: "<class 'ValueError'>:topic name '/qr_detector?text' is invalid: topic name is invalid, at ./src/rcl/expand_topic_name.c:73">
aerobot72@aerobot72Laptop:~/Firmware2_AP/MyNodes$ (ros2 pkg prefix drone_takeoff)/bin/takeoff_node --ros-args -p connection_url:=udp://:14550 -p takeoff_altitude_m:=3.0
bash: syntax error near unexpected token `/bin/takeoff_node'
aerobot72@aerobot72Laptop:~/Firmware2_AP/MyNodes$ 
